[index-2.html]
[backblue.gif]
[fade.gif]
[index.html]
[css/dm-reset.css]
[css/dm-layout.css]
[css/dm-main.css]
[css/dm-pages.css]
[css/dm-widget.css]
[css/uc/dm-dialog.css]
[font-awesome/4.7.0/css/font-awesome.min.css]
[images/favicon.ico]
[scripts/dm-objects.js]
[scripts/dm-parameters.js]
[scripts/dm-errortype.js]
[scripts/jquery-1.9.0.min.js]
[scripts/jquery-1.0.0.js]
[scripts/dm-functions.js]
[scripts/uc/dm-dialog.js]
[scripts/jquery-ui.min.js]
[jquery.slick/1.6.0/slick.css]
[jquery.slick/1.6.0/slick-theme.css]
[jquery.slick/1.6.0/slick.min.js]
[css/page/default.css]
[scripts/page/index.js]
[indexca01.html]
[images/default/1.jpg]
[images/default/2.jpg]
[images/default/3.jpg]
[images/default/4.jpg]
[images/default/5.jpg]
[images/default/6.jpg]
[images/default/7.jpg]
[css/dm-mobile.css]
[index-2.html]
[css/dm-reset.css]
[images/select-arrow.png]
[css/dm-layout.css]
[images/LOGO.png]
[images/LOGO1.jpg]
[css/dm-main.css]
[images/bgmask.png]
[css/dm-pages.css]
[css/dm-widget.css]
[images/bgConfirmbody.jpg]
[images/bgConfirmhead.jpg]
[images/bgConfirmbtn.png]
[css/uc/dm-dialog.css]
[font-awesome/4.7.0/css/font-awesome.min.css]
[jquery.slick/1.6.0/slick.css]
[jquery.slick/1.6.0/ajax-loader.gif]
[jquery.slick/1.6.0/fonts/slick.eot]
[jquery.slick/1.6.0/fonts/slickd41d.eot]
[jquery.slick/1.6.0/fonts/slick.woff]
[jquery.slick/1.6.0/fonts/slick.ttf]
[jquery.slick/1.6.0/fonts/slick.svg]
[jquery.slick/1.6.0/slick-theme.css]
[css/page/default.css]
[css/page/index.css]
[scripts/uc/jquery.slimscroll.js]
[scripts/uc/dm-headmenu.js]
[css/page/staff.css]
[scripts/frontend/dm-listStaff.js]
[pics/person/big/2af870f3-9f46-433d-a0ad-0ce0baa0df87.jpg]
[pics/person/big/6fbf77fc-c7aa-432c-b713-4600a6b1176e.jpg]
[pics/person/big/b69b42b6-03f7-414d-bfab-4fae952134ff.jpg]
[pics/person/big/63c47d24-222a-49cf-99c7-809d395aacbf.jpg]
[pics/person/big/8b2ba5b7-db84-445e-9ebc-6df888fe301a.jpg]
[pics/person/big/adf08c1f-3793-492d-b507-072c05a809dc.jpg]
[pics/person/big/2fd6575c-6e0c-4a83-aba2-6401395522c8.jpg]
[pics/person/big/357a9a0d-b0a8-4d76-afc3-98033172913b.jpg]
[pics/person/big/bb9606c2-5afd-4c26-ad39-d374d2fa1c14.jpg]
[pics/person/big/88336a78-01ef-4f84-8f2c-853e9079dc43.jpg]
[pics/person/big/1fa6af7f-9da4-493f-9ace-4579945372e6.jpg]
[pics/person/big/9c6e508a-6eb1-4dca-8d7c-bcb0f716350f.jpg]
[pics/person/big/582eac5d-714c-49c2-aee7-c3538732f8fd.jpg]
[pics/person/big/f748ff93-658e-4aa4-a95b-3cb1c5f69d94.jpg]
[css/page/dm-showPortfolio.css]
[pics/news/small/1d9717ca-1b68-41e9-aeb5-f6a45a8f0608.jpg]
[portfolio3e35.html]
[pics/icon/飯店休閒.png]
[pics/news/small/d2867cd1-cff0-46e2-9519-49aecd91bbe4.jpg]
[portfoliof0b4.html]
[pics/icon/廠房設計.png]
[pics/news/small/190ace40-c286-447b-bfaf-ae3b35cdf881.jpg]
[portfoliod6ca.html]
[pics/icon/住宅設計.png]
[pics/news/small/e9953a55-6108-4cdd-89df-d606a01a09c7.jpg]
[portfolio66e0.html]
[pics/icon/公共建築.png]
[pics/news/small/3bd7f85d-63b8-4b42-91e8-059886a01f4d.jpg]
[portfolio7b1f.html]
[pics/icon/校園建築.png]
[pics/news/small/baab2909-d8fa-4abb-ad36-7b787e09869a.jpg]
[portfolioc3e8.html]
[pics/icon/室內設計.png]
[css/page/dm-listRecruit.css]
[scripts/frontend/dm-listRecruitment.js]
[indexca01.html]
[css/dm-mobile.css]
[images/icon-item.html]
[images/icon-itemstar.html]
[images/icon-itempen.html]
[images/anchor.html]
[images/megamenu_title_icon.html]
[jquery.slick/1.6.0/fonts/slick.svg]
[css/page/index.css]
[css/page/staff.css]
['/pics/person/small/2af870f3-9f46-433d-a0ad-0ce0baa0df87.html]
['/pics/person/small/6fbf77fc-c7aa-432c-b713-4600a6b1176e.html]
['/pics/person/small/b69b42b6-03f7-414d-bfab-4fae952134ff.html]
['/pics/person/small/63c47d24-222a-49cf-99c7-809d395aacbf.html]
['/pics/person/small/8b2ba5b7-db84-445e-9ebc-6df888fe301a.html]
['/pics/person/small/adf08c1f-3793-492d-b507-072c05a809dc.html]
['/pics/person/small/2fd6575c-6e0c-4a83-aba2-6401395522c8.html]
['/pics/person/small/357a9a0d-b0a8-4d76-afc3-98033172913b.html]
['/pics/person/small/bb9606c2-5afd-4c26-ad39-d374d2fa1c14.html]
['/pics/person/small/88336a78-01ef-4f84-8f2c-853e9079dc43.html]
['/pics/person/small/1fa6af7f-9da4-493f-9ace-4579945372e6.html]
['/pics/person/small/9c6e508a-6eb1-4dca-8d7c-bcb0f716350f.html]
['/pics/person/small/582eac5d-714c-49c2-aee7-c3538732f8fd.html]
['/pics/person/small/f748ff93-658e-4aa4-a95b-3cb1c5f69d94.html]
[css/page/dm-showPortfolio.css]
[css/uc/dm-slickCustom.css]
[scripts/functions/dm-mobileHeaderControl.js]
[scripts/frontend/dm-frontListPortfolio.js]
[scripts/uc/dm-popupSlick.js]
[pics/news/big/c896f021-6c71-4a86-8490-51a8e8ad6b68.jpg]
[pics/news/big/0f275972-cc1d-481e-aa68-75efed5e724e.jpg]
[pics/news/big/fa9bbdd5-1300-467c-aa98-8d73f4e31b4d.jpg]
[pics/news/big/f99a07ee-796b-436f-8011-37eff8c97761.jpg]
[pics/news/big/4dc398c6-b50d-4690-9ce1-058d711f0640.jpg]
[pics/news/big/de4de8e8-f0a2-456f-8e0b-b25807f7c018.jpg]
[pics/news/big/a26fd5ae-5800-464b-8728-b20adb84bc30.jpg]
[pics/news/big/e8533c7f-5b5c-42cf-b2e4-4feb196c247b.jpg]
[pics/news/big/9c9b9576-49a5-436d-bd2e-7d74ac0410ff.jpg]
[portfolio3e35.html]
[pics/news/big/dd37d6ce-9dbd-441a-9c8d-b0b75b3a8fa7.jpg]
[pics/news/big/74188c60-60e4-4e16-9370-e1dc481d09b4.jpg]
[pics/news/big/8a840658-c860-4bc0-b5fb-0c5a72fe03a4.jpg]
[pics/news/big/66a036d9-7174-44a3-80d3-3b751f2c224f.jpg]
[pics/news/big/03644b7f-3633-4a92-b1de-75b6dcfe82a7.jpg]
[pics/news/big/b4fd7c44-6c4d-4a55-8c0a-b922e6419d02.jpg]
[pics/news/big/87e29c72-f6e9-41e2-a4b0-665fd1b068d2.jpg]
[pics/news/big/e1d9bcd3-867f-4346-9991-ee9df7c30779.jpg]
[pics/news/big/e4bcc416-3dd3-44c0-8cb6-8c4ebaf11b90.jpg]
[portfoliof0b4.html]
[pics/news/big/4fb6104a-ec74-458e-b8b2-c3a3271b25ae.jpg]
[pics/news/big/d65dbc24-0b86-4d75-9441-2178b882cc18.jpg]
[pics/news/big/fa1d3bbb-4191-4f48-93df-583b65370fa8.jpg]
[pics/news/big/57bc6bdb-d196-4515-a5a2-de4d10de53f2.jpg]
[pics/news/big/3153098d-2b38-44d3-bd8f-9816f9f78222.jpg]
[pics/news/big/f89d0614-5151-4d6e-84f3-d5eb5bfe7e99.jpg]
[pics/news/big/539ff43a-c42d-4b0e-aa38-60e3aba12c34.jpg]
[pics/news/big/1f2e4c52-fe07-42a4-bfcc-2f4b04c1b9bc.jpg]
[pics/news/big/3868d819-94ba-4ff9-97c7-33f4e633847d.jpg]
[portfoliod6ca.html]
[pics/news/big/cec48e3e-6092-4164-b03f-2ac98a0e056b.jpg]
[pics/news/big/d981e302-e82e-4086-95b6-dc2b0dd0d229.jpg]
[pics/news/big/47f42c19-18b8-47c6-9c71-738b9785ca5c.jpg]
[pics/news/big/32b8aa17-bbcb-488b-8eb1-f2cf30d4179e.jpg]
[pics/news/big/89a17e0a-0ab9-4bb0-a741-f1f89ffaffb5.jpg]
[portfolio66e0.html]
[pics/news/big/3f064ee0-bd97-4cd8-bdc3-473aca78c2ed.jpg]
[pics/news/big/3a16996d-7190-483b-ba29-c98becac28d6.jpg]
[pics/news/big/bf525ed2-23dd-42e6-8065-31fe71f1e0a4.jpg]
[pics/news/big/0ddb7dbb-a4a7-4d2d-bdaf-f2507cea5886.jpg]
[pics/news/big/5a908c77-8c92-4401-a60d-c6b7f8a55598.jpg]
[portfolio7b1f.html]
[pics/news/big/01e51e35-c687-475d-a43e-e0c5c44cb4e0.jpg]
[pics/news/big/eae76309-6944-47c4-8087-88e3915186cb.jpg]
[pics/news/big/327fbedd-800d-4cf7-9555-facc9cd237d1.jpg]
[pics/news/big/cdae992a-c6c9-4378-9ae8-d7e117e0cba2.jpg]
[pics/news/big/e0a3bc56-72d7-4a98-901a-b542dbccb560.jpg]
[pics/news/big/e1297f86-1ede-44fb-babf-85cd2afab4ac.jpg]
[pics/news/big/7f08f41d-e3ab-4bb6-a934-59dd8b311e7a.jpg]
[pics/news/big/577cedb2-af6e-41fe-9f27-1203e495b1d2.jpg]
[pics/news/big/90811d37-6559-4960-89af-4fce781765cc.jpg]
[portfolioc3e8.html]
[css/page/dm-listRecruit.css]
[css/uc/dm-slickCustom.css]
